2026-05-31 11:48:46,969 - INFO - Ingesting {file} in db
2026-05-31 11:48:53,052 - INFO - Ingesting {file} in db
2026-05-31 11:49:09,809 - INFO - Ingesting {file} in db
2026-05-31 11:50:52,220 - INFO - Ingesting {file} in db
2026-05-31 11:51:28,458 - INFO - Ingesting {file} in db
2026-06-24 13:44:39,278 - INFO - Creating Vendor Summary Table...
2026-06-24 13:45:06,876 - INFO - Summary Data Shape: (10692, 14)
2026-06-24 13:45:06,877 - INFO - Cleaning Data...
2026-06-24 13:45:06,931 - INFO - Clean Data Shape: (10692, 18)
2026-06-24 13:45:06,932 - INFO - Ingesting Data...
2026-06-24 13:45:07,064 - INFO - Process Completed Successfully
2026-06-24 13:45:07,108 - INFO - Creating Vendor Summary Table...
2026-06-24 13:45:34,956 - INFO - Summary Data Shape: (10692, 14)
2026-06-24 13:45:34,956 - INFO - Cleaning Data...
2026-06-24 13:45:35,007 - INFO - Clean Data Shape: (10692, 18)
2026-06-24 13:45:35,007 - INFO - Ingesting Data...
2026-06-24 13:45:35,151 - INFO - Process Completed Successfully
2026-06-24 13:46:25,743 - ERROR - No such comm target registered: jupyter.widget.control
2026-06-24 13:46:25,750 - WARNING - No such comm: f66c88ce-3517-46ef-9051-955ae0d3d486
2026-06-24 13:46:25,750 - DEBUG - Current comms: []
2026-06-24 13:46:38,369 - INFO - Creating Vendor Summary Table...
2026-06-24 13:47:06,137 - INFO - Summary Data Shape: (10692, 14)
2026-06-24 13:47:06,138 - INFO - Cleaning Data...
2026-06-24 13:47:06,186 - INFO - Clean Data Shape: (10692, 18)
2026-06-24 13:47:06,187 - INFO - Ingesting Data...
2026-06-24 13:47:06,334 - INFO - Process Completed Successfully
2026-06-24 13:47:06,384 - INFO - Creating Vendor Summary Table...
2026-06-24 13:47:33,485 - INFO - Summary Data Shape: (10692, 14)
2026-06-24 13:47:33,485 - INFO - Cleaning Data...
2026-06-24 13:47:33,525 - INFO - Clean Data Shape: (10692, 18)
2026-06-24 13:47:33,526 - INFO - Ingesting Data...
2026-06-24 13:47:33,665 - INFO - Process Completed Successfully
2026-06-24 14:09:30,331 - ERROR - No such comm target registered: jupyter.widget.control
2026-06-24 14:09:30,338 - WARNING - No such comm: 228d2ec7-6218-4fd5-af34-4fc3658f1fa9
2026-06-24 14:09:30,341 - DEBUG - Current comms: []
2026-06-24 14:09:30,418 - ERROR - No such comm target registered: jupyter.widget.control
2026-06-24 14:09:30,424 - WARNING - No such comm: ed4cea6d-d328-4e1a-90ab-b8b66bb5871a
2026-06-24 14:09:30,425 - DEBUG - Current comms: []
2026-06-24 14:17:52,368 - ERROR - No such comm target registered: jupyter.widget.control
2026-06-24 14:17:52,377 - WARNING - No such comm: 069c8588-bbaf-4903-9978-ee3bdf7c6599
2026-06-24 14:17:52,377 - DEBUG - Current comms: []
2026-06-24 14:17:52,430 - ERROR - No such comm target registered: jupyter.widget.control
2026-06-24 14:17:52,437 - WARNING - No such comm: 0af0d6ab-d7ad-4f3b-bf41-1390a2e5c2ef
2026-06-24 14:17:52,437 - DEBUG - Current comms: []
2026-06-24 14:37:14,511 - ERROR - No such comm target registered: jupyter.widget.control
2026-06-24 14:37:14,537 - WARNING - No such comm: 26b81f63-be66-4566-a36f-61d291b3f7d7
2026-06-24 14:37:14,537 - DEBUG - Current comms: []
2026-06-24 14:37:14,656 - ERROR - No such comm target registered: jupyter.widget.control
2026-06-24 14:37:14,663 - WARNING - No such comm: 8a6cdecc-5970-47a0-9c11-3ea841e1769b
2026-06-24 14:37:14,663 - DEBUG - Current comms: []
2026-06-24 15:12:41,153 - ERROR - No such comm target registered: jupyter.widget.control
2026-06-24 15:12:41,158 - WARNING - No such comm: 8bd1bc2f-3a61-4e6c-91bb-d91469f4487c
2026-06-24 15:12:41,158 - DEBUG - Current comms: []
2026-06-24 15:13:08,357 - ERROR - No such comm target registered: jupyter.widget.control
2026-06-24 15:13:08,362 - WARNING - No such comm: 665468bd-04fb-4ae0-b814-4260e6a5b947
2026-06-24 15:13:08,363 - DEBUG - Current comms: []
2026-06-24 15:55:31,047 - ERROR - No such comm target registered: jupyter.widget.control
2026-06-24 15:55:31,054 - WARNING - No such comm: ec6ef660-b0d5-4c69-ae2e-7a8220a6d854
2026-06-24 15:55:31,054 - DEBUG - Current comms: []
2026-06-24 16:21:41,533 - ERROR - No such comm target registered: jupyter.widget.control
2026-06-24 16:21:41,542 - WARNING - No such comm: d53f942d-9b4e-4a3a-bdb3-16847fd43830
2026-06-24 16:21:41,542 - DEBUG - Current comms: []
2026-06-24 16:21:43,595 - ERROR - No such comm target registered: jupyter.widget.control
2026-06-24 16:21:43,602 - WARNING - No such comm: 59053a74-39ef-4d75-b1ba-a542a79bc15c
2026-06-24 16:21:43,602 - DEBUG - Current comms: []
2026-06-24 22:19:15,053 - ERROR - No such comm target registered: jupyter.widget.control
2026-06-24 22:19:15,063 - WARNING - No such comm: e41d0186-7cad-4593-88c9-ccd9a9cdcf12
2026-06-24 22:19:15,063 - DEBUG - Current comms: []
